Warning! Ignore unknown configuration option `src_dir` in section [env:heltec_wifi_lora_32_v2]
Processing heltec_wifi_lora_32_v2 (platform: espressif32@3.5.0; board: heltec_wifi_lora_32_v2; framework: arduino; monitor_speed: 115200; src_dir: ../../src; lib_deps: https://github.com/nanopb/nanopb.git#0.4.7, adafruit/Adafruit BME280 Library@2.2.2, adafruit/Adafruit Unified Sensor@1.1.15; lib_extra_dirs: ../../lib; build_flags: -D HELTEC_LORA_V2, -D APP_VERSION=\"0.0.0\", -D HW_VENDOR=\"generic\", -I../../src, -I../../src/generated_proto)
--------------------------------------------------------------------------------
CONFIGURATION: https://docs.platformio.org/page/boards/espressif32/heltec_wifi_lora_32_v2.html
PLATFORM: Espressif 32 (3.5.0) > Heltec WiFi LoRa 32 (V2)
HARDWARE: ESP32 240MHz, 320KB RAM, 8MB Flash
DEBUG: Current (esp-prog) External (esp-prog, iot-bus-jtag, jlink, minimodule, olimex-arm-usb-ocd, olimex-arm-usb-ocd-h, olimex-arm-usb-tiny-h, olimex-jtag-tiny, tumpa)
PACKAGES: 
 - framework-arduinoespressif32 @ 3.10006.210326 (1.0.6) 
 - tool-esptoolpy @ 1.30100.210531 (3.1.0) 
 - toolchain-xtensa32 @ 2.50200.97 (5.2.0)
LDF: Library Dependency Finder -> https://bit.ly/configure-pio-ldf
LDF Modes: Finder ~ chain, Compatibility ~ soft
[nanopb] Installing Protocol Buffers dependencies
platformio : WARNING: Ignoring invalid distribution 
~latformio (C:\Python313\Lib\site-packages)
At line:1 char:81
+ ... sor_bme280'; platformio run -v -e 
heltec_wifi_lora_32_v2 2>&1 | Out-F ...
+                  
~~~~~~~~~~~~~~~~~~~~~~~~~~~~~~~~~~~~~~~~~~~~~~~~
    + CategoryInfo          : NotSpecified: (WARNING:  
   Ignori...\site-packages):String) [], RemoteExcepti  
  on
    + FullyQualifiedErrorId : NativeCommandError
 
Requirement already satisfied: protobuf>=3.19.1 in c:\python313\lib\site-packages (6.32.1)
WARNING: Ignoring invalid distribution ~latformio 
(C:\Python313\Lib\site-packages)
WARNING: Ignoring invalid distribution ~latformio 
(C:\Python313\Lib\site-packages)

[notice] A new release of pip is available: 25.3 -> 
26.0.1
[notice] To update, run: C:\Python313\python.exe -m 
pip install --upgrade pip
[nanopb] No generation needed.
Found 33 compatible libraries
Scanning dependencies...
Dependency Graph
|-- Nanopb @ 0.4.7+sha.b97aa65 (License: Unknown, URI: git+https://github.com/nanopb/nanopb.git#0.4.7, Path: F:\Code\Akita-Smart-City-Services\examples\esp32_sensor_bme280\.pio\libdeps\heltec_wifi_lora_32_v2\Nanopb)
|-- Adafruit BME280 Library @ 2.2.2 (License: Unknown, Path: F:\Code\Akita-Smart-City-Services\examples\esp32_sensor_bme280\.pio\libdeps\heltec_wifi_lora_32_v2\Adafruit BME280 Library)
|   |-- Adafruit BusIO @ 1.17.4 (License: Unknown, Path: F:\Code\Akita-Smart-City-Services\examples\esp32_sensor_bme280\.pio\libdeps\heltec_wifi_lora_32_v2\Adafruit BusIO)
|   |   |-- Wire @ 1.0.1 (License: Unknown, Path: D:\DevTools\.platformio\packages\framework-arduinoespressif32@3.10006.210326\libraries\Wire)
|   |   |-- SPI @ 1.0 (License: Unknown, Path: D:\DevTools\.platformio\packages\framework-arduinoespressif32@3.10006.210326\libraries\SPI)
|   |-- Wire @ 1.0.1 (License: Unknown, Path: D:\DevTools\.platformio\packages\framework-arduinoespressif32@3.10006.210326\libraries\Wire)
|   |-- SPI @ 1.0 (License: Unknown, Path: D:\DevTools\.platformio\packages\framework-arduinoespressif32@3.10006.210326\libraries\SPI)
|   |-- Adafruit Unified Sensor @ 1.1.15 (License: Unknown, Path: F:\Code\Akita-Smart-City-Services\examples\esp32_sensor_bme280\.pio\libdeps\heltec_wifi_lora_32_v2\Adafruit Unified Sensor)
|-- Adafruit Unified Sensor @ 1.1.15 (License: Unknown, Path: F:\Code\Akita-Smart-City-Services\examples\esp32_sensor_bme280\.pio\libdeps\heltec_wifi_lora_32_v2\Adafruit Unified Sensor)
|-- Wire @ 1.0.1 (License: Unknown, Path: D:\DevTools\.platformio\packages\framework-arduinoespressif32@3.10006.210326\libraries\Wire)
Building in release mode
Using tempfile F:\Code\Akita-Smart-City-Services\examples\esp32_sensor_bme280\.pio\build\heltec_wifi_lora_32_v2\tmp0ehnuj5g.tmp for command line:
xtensa-esp32-elf-g++ -o .pio/build/heltec_wifi_lora_32_v2/src/combined_sources.cpp.o -c -fno-rtti -fno-exceptions -std=gnu++11 -Os -g3 -Wall -nostdlib -Wpointer-arith -Wno-error=unused-but-set-variable -Wno-error=unused-variable -mlongcalls -ffunction-sections -fdata-sections -fstrict-volatile-bitfields -Wno-error=deprecated-declarations -Wno-error=unused-function -Wno-unused-parameter -Wno-sign-compare -fstack-protector -fexceptions -Werror=reorder -DPLATFORMIO=60119 -DARDUINO_HELTEC_WIFI_LORA_32_V2 -DHELTEC_LORA_V2 -DAPP_VERSION=\"0.0.0\" -DHW_VENDOR=\"generic\" -DESP32 -DESP_PLATFORM -DF_CPU=240000000L -DHAVE_CONFIG_H -DMBEDTLS_CONFIG_FILE=\"mbedtls/esp_config.h\" -DARDUINO=10805 -DARDUINO_ARCH_ESP32 -DARDUINO_VARIANT=\"heltec_wifi_lora_32_V2\" "-DARDUINO_BOARD=\"Heltec WiFi LoRa 32 (V2)\"" -Isrc "-I.pio/libdeps/heltec_wifi_lora_32_v2/Adafruit BME280 Library" "-I.pio/libdeps/heltec_wifi_lora_32_v2/Adafruit Unified Sensor" "-I.pio/libdeps/heltec_wifi_lora_32_v2/Adafruit BusIO" -ID:/DevTools/.platformio/packages/framework-arduinoespressif32@3.10006.210326/libraries/SPI/src -ID:/DevTools/.platformio/packages/framework-arduinoespressif32@3.10006.210326/libraries/Wire/src -I.pio/libdeps/heltec_wifi_lora_32_v2/Nanopb -IF:/Code/Akita-Smart-City-Services/src -IF:/Code/Akita-Smart-City-Services/src/generated_proto -ID:/DevTools/.platformio/packages/framework-arduinoespressif32@3.10006.210326/tools/sdk/include/config -ID:/DevTools/.platformio/packages/framework-arduinoespressif32@3.10006.210326/tools/sdk/include/app_trace -ID:/DevTools/.platformio/packages/framework-arduinoespressif32@3.10006.210326/tools/sdk/include/app_update -ID:/DevTools/.platformio/packages/framework-arduinoespressif32@3.10006.210326/tools/sdk/include/asio -ID:/DevTools/.platformio/packages/framework-arduinoespressif32@3.10006.210326/tools/sdk/include/bootloader_support -ID:/DevTools/.platformio/packages/framework-arduinoespressif32@3.10006.210326/tools/sdk/include/bt -ID:/DevTools/.platformio/packages/framework-arduinoespressif32@3.10006.210326/tools/sdk/include/coap -ID:/DevTools/.platformio/packages/framework-arduinoespressif32@3.10006.210326/tools/sdk/include/console -ID:/DevTools/.platformio/packages/framework-arduinoespressif32@3.10006.210326/tools/sdk/include/driver -ID:/DevTools/.platformio/packages/framework-arduinoespressif32@3.10006.210326/tools/sdk/include/efuse -ID:/DevTools/.platformio/packages/framework-arduinoespressif32@3.10006.210326/tools/sdk/include/esp-tls -ID:/DevTools/.platformio/packages/framework-arduinoespressif32@3.10006.210326/tools/sdk/include/esp32 -ID:/DevTools/.platformio/packages/framework-arduinoespressif32@3.10006.210326/tools/sdk/include/esp_adc_cal -ID:/DevTools/.platformio/packages/framework-arduinoespressif32@3.10006.210326/tools/sdk/include/esp_event -ID:/DevTools/.platformio/packages/framework-arduinoespressif32@3.10006.210326/tools/sdk/include/esp_http_client -ID:/DevTools/.platformio/packages/framework-arduinoespressif32@3.10006.210326/tools/sdk/include/esp_http_server -ID:/DevTools/.platformio/packages/framework-arduinoespressif32@3.10006.210326/tools/sdk/include/esp_https_ota -ID:/DevTools/.platformio/packages/framework-arduinoespressif32@3.10006.210326/tools/sdk/include/esp_https_server -ID:/DevTools/.platformio/packages/framework-arduinoespressif32@3.10006.210326/tools/sdk/include/esp_ringbuf -ID:/DevTools/.platformio/packages/framework-arduinoespressif32@3.10006.210326/tools/sdk/include/esp_websocket_client -ID:/DevTools/.platformio/packages/framework-arduinoespressif32@3.10006.210326/tools/sdk/include/espcoredump -ID:/DevTools/.platformio/packages/framework-arduinoespressif32@3.10006.210326/tools/sdk/include/ethernet -ID:/DevTools/.platformio/packages/framework-arduinoespressif32@3.10006.210326/tools/sdk/include/expat -ID:/DevTools/.platformio/packages/framework-arduinoespressif32@3.10006.210326/tools/sdk/include/fatfs -ID:/DevTools/.platformio/packages/framework-arduinoespressif32@3.10006.210326/tools/sdk/include/freemodbus -ID:/DevTools/.platformio/packages/framework-arduinoespressif32@3.10006.210326/tools/sdk/include/freertos -ID:/DevTools/.platformio/packages/framework-arduinoespressif32@3.10006.210326/tools/sdk/include/heap -ID:/DevTools/.platformio/packages/framework-arduinoespressif32@3.10006.210326/tools/sdk/include/idf_test -ID:/DevTools/.platformio/packages/framework-arduinoespressif32@3.10006.210326/tools/sdk/include/jsmn -ID:/DevTools/.platformio/packages/framework-arduinoespressif32@3.10006.210326/tools/sdk/include/json -ID:/DevTools/.platformio/packages/framework-arduinoespressif32@3.10006.210326/tools/sdk/include/libsodium -ID:/DevTools/.platformio/packages/framework-arduinoespressif32@3.10006.210326/tools/sdk/include/log -ID:/DevTools/.platformio/packages/framework-arduinoespressif32@3.10006.210326/tools/sdk/include/lwip -ID:/DevTools/.platformio/packages/framework-arduinoespressif32@3.10006.210326/tools/sdk/include/mbedtls -ID:/DevTools/.platformio/packages/framework-arduinoespressif32@3.10006.210326/tools/sdk/include/mdns -ID:/DevTools/.platformio/packages/framework-arduinoespressif32@3.10006.210326/tools/sdk/include/micro-ecc -ID:/DevTools/.platformio/packages/framework-arduinoespressif32@3.10006.210326/tools/sdk/include/mqtt -ID:/DevTools/.platformio/packages/framework-arduinoespressif32@3.10006.210326/tools/sdk/include/newlib -ID:/DevTools/.platformio/packages/framework-arduinoespressif32@3.10006.210326/tools/sdk/include/nghttp -ID:/DevTools/.platformio/packages/framework-arduinoespressif32@3.10006.210326/tools/sdk/include/nvs_flash -ID:/DevTools/.platformio/packages/framework-arduinoespressif32@3.10006.210326/tools/sdk/include/openssl -ID:/DevTools/.platformio/packages/framework-arduinoespressif32@3.10006.210326/tools/sdk/include/protobuf-c -ID:/DevTools/.platformio/packages/framework-arduinoespressif32@3.10006.210326/tools/sdk/include/protocomm -ID:/DevTools/.platformio/packages/framework-arduinoespressif32@3.10006.210326/tools/sdk/include/pthread -ID:/DevTools/.platformio/packages/framework-arduinoespressif32@3.10006.210326/tools/sdk/include/sdmmc -ID:/DevTools/.platformio/packages/framework-arduinoespressif32@3.10006.210326/tools/sdk/include/smartconfig_ack -ID:/DevTools/.platformio/packages/framework-arduinoespressif32@3.10006.210326/tools/sdk/include/soc -ID:/DevTools/.platformio/packages/framework-arduinoespressif32@3.10006.210326/tools/sdk/include/spi_flash -ID:/DevTools/.platformio/packages/framework-arduinoespressif32@3.10006.210326/tools/sdk/include/spiffs -ID:/DevTools/.platformio/packages/framework-arduinoespressif32@3.10006.210326/tools/sdk/include/tcp_transport -ID:/DevTools/.platformio/packages/framework-arduinoespressif32@3.10006.210326/tools/sdk/include/tcpip_adapter -ID:/DevTools/.platformio/packages/framework-arduinoespressif32@3.10006.210326/tools/sdk/include/ulp -ID:/DevTools/.platformio/packages/framework-arduinoespressif32@3.10006.210326/tools/sdk/include/unity -ID:/DevTools/.platformio/packages/framework-arduinoespressif32@3.10006.210326/tools/sdk/include/vfs -ID:/DevTools/.platformio/packages/framework-arduinoespressif32@3.10006.210326/tools/sdk/include/wear_levelling -ID:/DevTools/.platformio/packages/framework-arduinoespressif32@3.10006.210326/tools/sdk/include/wifi_provisioning -ID:/DevTools/.platformio/packages/framework-arduinoespressif32@3.10006.210326/tools/sdk/include/wpa_supplicant -ID:/DevTools/.platformio/packages/framework-arduinoespressif32@3.10006.210326/tools/sdk/include/xtensa-debug-module -ID:/DevTools/.platformio/packages/framework-arduinoespressif32@3.10006.210326/tools/sdk/include/esp-face -ID:/DevTools/.platformio/packages/framework-arduinoespressif32@3.10006.210326/tools/sdk/include/esp32-camera -ID:/DevTools/.platformio/packages/framework-arduinoespressif32@3.10006.210326/tools/sdk/include/esp-face -ID:/DevTools/.platformio/packages/framework-arduinoespressif32@3.10006.210326/tools/sdk/include/fb_gfx -ID:/DevTools/.platformio/packages/framework-arduinoespressif32@3.10006.210326/cores/esp32 -ID:/DevTools/.platformio/packages/framework-arduinoespressif32@3.10006.210326/variants/heltec_wifi_lora_32_V2 src/combined_sources.cpp
xtensa-esp32-elf-g++ @F:\Code\Akita-Smart-City-Services\examples\esp32_sensor_bme280\.pio\build\heltec_wifi_lora_32_v2\tmp0ehnuj5g.tmp
Using tempfile F:\Code\Akita-Smart-City-Services\examples\esp32_sensor_bme280\.pio\build\heltec_wifi_lora_32_v2\tmpq2ns8949.tmp for command line:
xtensa-esp32-elf-g++ -o .pio/build/heltec_wifi_lora_32_v2/src/main.cpp.o -c -fno-rtti -fno-exceptions -std=gnu++11 -Os -g3 -Wall -nostdlib -Wpointer-arith -Wno-error=unused-but-set-variable -Wno-error=unused-variable -mlongcalls -ffunction-sections -fdata-sections -fstrict-volatile-bitfields -Wno-error=deprecated-declarations -Wno-error=unused-function -Wno-unused-parameter -Wno-sign-compare -fstack-protector -fexceptions -Werror=reorder -DPLATFORMIO=60119 -DARDUINO_HELTEC_WIFI_LORA_32_V2 -DHELTEC_LORA_V2 -DAPP_VERSION=\"0.0.0\" -DHW_VENDOR=\"generic\" -DESP32 -DESP_PLATFORM -DF_CPU=240000000L -DHAVE_CONFIG_H -DMBEDTLS_CONFIG_FILE=\"mbedtls/esp_config.h\" -DARDUINO=10805 -DARDUINO_ARCH_ESP32 -DARDUINO_VARIANT=\"heltec_wifi_lora_32_V2\" "-DARDUINO_BOARD=\"Heltec WiFi LoRa 32 (V2)\"" -Isrc "-I.pio/libdeps/heltec_wifi_lora_32_v2/Adafruit BME280 Library" "-I.pio/libdeps/heltec_wifi_lora_32_v2/Adafruit Unified Sensor" "-I.pio/libdeps/heltec_wifi_lora_32_v2/Adafruit BusIO" -ID:/DevTools/.platformio/packages/framework-arduinoespressif32@3.10006.210326/libraries/SPI/src -ID:/DevTools/.platformio/packages/framework-arduinoespressif32@3.10006.210326/libraries/Wire/src -I.pio/libdeps/heltec_wifi_lora_32_v2/Nanopb -IF:/Code/Akita-Smart-City-Services/src -IF:/Code/Akita-Smart-City-Services/src/generated_proto -ID:/DevTools/.platformio/packages/framework-arduinoespressif32@3.10006.210326/tools/sdk/include/config -ID:/DevTools/.platformio/packages/framework-arduinoespressif32@3.10006.210326/tools/sdk/include/app_trace -ID:/DevTools/.platformio/packages/framework-arduinoespressif32@3.10006.210326/tools/sdk/include/app_update -ID:/DevTools/.platformio/packages/framework-arduinoespressif32@3.10006.210326/tools/sdk/include/asio -ID:/DevTools/.platformio/packages/framework-arduinoespressif32@3.10006.210326/tools/sdk/include/bootloader_support -ID:/DevTools/.platformio/packages/framework-arduinoespressif32@3.10006.210326/tools/sdk/include/bt -ID:/DevTools/.platformio/packages/framework-arduinoespressif32@3.10006.210326/tools/sdk/include/coap -ID:/DevTools/.platformio/packages/framework-arduinoespressif32@3.10006.210326/tools/sdk/include/console -ID:/DevTools/.platformio/packages/framework-arduinoespressif32@3.10006.210326/tools/sdk/include/driver -ID:/DevTools/.platformio/packages/framework-arduinoespressif32@3.10006.210326/tools/sdk/include/efuse -ID:/DevTools/.platformio/packages/framework-arduinoespressif32@3.10006.210326/tools/sdk/include/esp-tls -ID:/DevTools/.platformio/packages/framework-arduinoespressif32@3.10006.210326/tools/sdk/include/esp32 -ID:/DevTools/.platformio/packages/framework-arduinoespressif32@3.10006.210326/tools/sdk/include/esp_adc_cal -ID:/DevTools/.platformio/packages/framework-arduinoespressif32@3.10006.210326/tools/sdk/include/esp_event -ID:/DevTools/.platformio/packages/framework-arduinoespressif32@3.10006.210326/tools/sdk/include/esp_http_client -ID:/DevTools/.platformio/packages/framework-arduinoespressif32@3.10006.210326/tools/sdk/include/esp_http_server -ID:/DevTools/.platformio/packages/framework-arduinoespressif32@3.10006.210326/tools/sdk/include/esp_https_ota -ID:/DevTools/.platformio/packages/framework-arduinoespressif32@3.10006.210326/tools/sdk/include/esp_https_server -ID:/DevTools/.platformio/packages/framework-arduinoespressif32@3.10006.210326/tools/sdk/include/esp_ringbuf -ID:/DevTools/.platformio/packages/framework-arduinoespressif32@3.10006.210326/tools/sdk/include/esp_websocket_client -ID:/DevTools/.platformio/packages/framework-arduinoespressif32@3.10006.210326/tools/sdk/include/espcoredump -ID:/DevTools/.platformio/packages/framework-arduinoespressif32@3.10006.210326/tools/sdk/include/ethernet -ID:/DevTools/.platformio/packages/framework-arduinoespressif32@3.10006.210326/tools/sdk/include/expat -ID:/DevTools/.platformio/packages/framework-arduinoespressif32@3.10006.210326/tools/sdk/include/fatfs -ID:/DevTools/.platformio/packages/framework-arduinoespressif32@3.10006.210326/tools/sdk/include/freemodbus -ID:/DevTools/.platformio/packages/framework-arduinoespressif32@3.10006.210326/tools/sdk/include/freertos -ID:/DevTools/.platformio/packages/framework-arduinoespressif32@3.10006.210326/tools/sdk/include/heap -ID:/DevTools/.platformio/packages/framework-arduinoespressif32@3.10006.210326/tools/sdk/include/idf_test -ID:/DevTools/.platformio/packages/framework-arduinoespressif32@3.10006.210326/tools/sdk/include/jsmn -ID:/DevTools/.platformio/packages/framework-arduinoespressif32@3.10006.210326/tools/sdk/include/json -ID:/DevTools/.platformio/packages/framework-arduinoespressif32@3.10006.210326/tools/sdk/include/libsodium -ID:/DevTools/.platformio/packages/framework-arduinoespressif32@3.10006.210326/tools/sdk/include/log -ID:/DevTools/.platformio/packages/framework-arduinoespressif32@3.10006.210326/tools/sdk/include/lwip -ID:/DevTools/.platformio/packages/framework-arduinoespressif32@3.10006.210326/tools/sdk/include/mbedtls -ID:/DevTools/.platformio/packages/framework-arduinoespressif32@3.10006.210326/tools/sdk/include/mdns -ID:/DevTools/.platformio/packages/framework-arduinoespressif32@3.10006.210326/tools/sdk/include/micro-ecc -ID:/DevTools/.platformio/packages/framework-arduinoespressif32@3.10006.210326/tools/sdk/include/mqtt -ID:/DevTools/.platformio/packages/framework-arduinoespressif32@3.10006.210326/tools/sdk/include/newlib -ID:/DevTools/.platformio/packages/framework-arduinoespressif32@3.10006.210326/tools/sdk/include/nghttp -ID:/DevTools/.platformio/packages/framework-arduinoespressif32@3.10006.210326/tools/sdk/include/nvs_flash -ID:/DevTools/.platformio/packages/framework-arduinoespressif32@3.10006.210326/tools/sdk/include/openssl -ID:/DevTools/.platformio/packages/framework-arduinoespressif32@3.10006.210326/tools/sdk/include/protobuf-c -ID:/DevTools/.platformio/packages/framework-arduinoespressif32@3.10006.210326/tools/sdk/include/protocomm -ID:/DevTools/.platformio/packages/framework-arduinoespressif32@3.10006.210326/tools/sdk/include/pthread -ID:/DevTools/.platformio/packages/framework-arduinoespressif32@3.10006.210326/tools/sdk/include/sdmmc -ID:/DevTools/.platformio/packages/framework-arduinoespressif32@3.10006.210326/tools/sdk/include/smartconfig_ack -ID:/DevTools/.platformio/packages/framework-arduinoespressif32@3.10006.210326/tools/sdk/include/soc -ID:/DevTools/.platformio/packages/framework-arduinoespressif32@3.10006.210326/tools/sdk/include/spi_flash -ID:/DevTools/.platformio/packages/framework-arduinoespressif32@3.10006.210326/tools/sdk/include/spiffs -ID:/DevTools/.platformio/packages/framework-arduinoespressif32@3.10006.210326/tools/sdk/include/tcp_transport -ID:/DevTools/.platformio/packages/framework-arduinoespressif32@3.10006.210326/tools/sdk/include/tcpip_adapter -ID:/DevTools/.platformio/packages/framework-arduinoespressif32@3.10006.210326/tools/sdk/include/ulp -ID:/DevTools/.platformio/packages/framework-arduinoespressif32@3.10006.210326/tools/sdk/include/unity -ID:/DevTools/.platformio/packages/framework-arduinoespressif32@3.10006.210326/tools/sdk/include/vfs -ID:/DevTools/.platformio/packages/framework-arduinoespressif32@3.10006.210326/tools/sdk/include/wear_levelling -ID:/DevTools/.platformio/packages/framework-arduinoespressif32@3.10006.210326/tools/sdk/include/wifi_provisioning -ID:/DevTools/.platformio/packages/framework-arduinoespressif32@3.10006.210326/tools/sdk/include/wpa_supplicant -ID:/DevTools/.platformio/packages/framework-arduinoespressif32@3.10006.210326/tools/sdk/include/xtensa-debug-module -ID:/DevTools/.platformio/packages/framework-arduinoespressif32@3.10006.210326/tools/sdk/include/esp-face -ID:/DevTools/.platformio/packages/framework-arduinoespressif32@3.10006.210326/tools/sdk/include/esp32-camera -ID:/DevTools/.platformio/packages/framework-arduinoespressif32@3.10006.210326/tools/sdk/include/esp-face -ID:/DevTools/.platformio/packages/framework-arduinoespressif32@3.10006.210326/tools/sdk/include/fb_gfx -ID:/DevTools/.platformio/packages/framework-arduinoespressif32@3.10006.210326/cores/esp32 -ID:/DevTools/.platformio/packages/framework-arduinoespressif32@3.10006.210326/variants/heltec_wifi_lora_32_V2 src/main.cpp
xtensa-esp32-elf-g++ @F:\Code\Akita-Smart-City-Services\examples\esp32_sensor_bme280\.pio\build\heltec_wifi_lora_32_v2\tmpq2ns8949.tmp
In file included from f:\code\akita-smart-city-services
\src\AkitaSmartCityServices.h:9:0,
                 from f:\code\akita-smart-city-services
\src\akitasmartcityservices.cpp:1,
                 from src/combined_sources.cpp:5:
f:\code\akita-smart-city-services\src\ASCSConfig.h:1:0:
 error: unterminated #ifndef
 \ufeff#ifndef ASCS_CONFIG_H
 ^
In file included from F:/Code/Akita-Smart-City-Services
/src/AkitaSmartCityServices.h:9:0,
                 from src/main.cpp:6:
F:/Code/Akita-Smart-City-Services/src/ASCSConfig.h:1:0:
 error: unterminated #ifndef
 \ufeff#ifndef ASCS_CONFIG_H
 ^
In file included from f:\code\akita-smart-city-services
\src\ascsconfig.cpp:1:0,
                 from src/combined_sources.cpp:6:
f:\code\akita-smart-city-services\src\ASCSConfig.h:1:0:
 error: unterminated #ifndef
 \ufeff#ifndef ASCS_CONFIG_H
 ^
In file included from f:\code\akita-smart-city-services
\src\AkitaSmartCityServices.h:9:0,
                 from f:\code\akita-smart-city-services
\src\akitasmartcityservices.cpp:1,
                 from src/combined_sources.cpp:5:
f:\code\akita-smart-city-services\src\ASCSConfig.h:58:5
: error: 'Preferences' does not name a type
     Preferences m_preferences;
     ^
In file included from D:/DevTools/.platformio/packages/
framework-arduinoespressif32@3.10006.210326/cores/esp32
/Arduino.h:30:0,
                 from f:\code\akita-smart-city-services
\src\AkitaSmartCityServices.h:10,
                 from f:\code\akita-smart-city-services
\src\akitasmartcityservices.cpp:1,
                 from src/combined_sources.cpp:5:
D:/DevTools/.platformio/packages/framework-arduinoespre
ssif32@3.10006.210326/tools/sdk/include/newlib/inttypes
.h:305:8: error: expected unqualified-id before string 
constant
 extern "C" {
        ^
In file included from D:/DevTools/.platformio/packages/
framework-arduinoespressif32@3.10006.210326/cores/esp32
/Arduino.h:32:0,
                 from f:\code\akita-smart-city-services
\src\AkitaSmartCityServices.h:10,
                 from f:\code\akita-smart-city-services
\src\akitasmartcityservices.cpp:1,
                 from src/combined_sources.cpp:5:
D:/DevTools/.platformio/packages/framework-arduinoespre
ssif32@3.10006.210326/tools/sdk/include/freertos/freert
os/FreeRTOS.h:95:8: error: expected unqualified-id 
before string constant
 extern "C" {
        ^
In file included from d:\devtools\.platformio\packages\
toolchain-xtensa32\xtensa-esp32-elf\include\c++\5.2.0\m
emory:71:0,
                 from f:\code\akita-smart-city-services
\src\AkitaSmartCityServices.h:16,
                 from f:\code\akita-smart-city-services
\src\akitasmartcityservices.cpp:1,
                 from src/combined_sources.cpp:5:
d:\devtools\.platformio\packages\toolchain-xtensa32\xte
nsa-esp32-elf\include\c++\5.2.0\typeinfo:39:37: error: 
expected '}' before end of line
d:\devtools\.platformio\packages\toolchain-xtensa32\xte
nsa-esp32-elf\include\c++\5.2.0\typeinfo:39:37: error: 
expected unqualified-id before end of line
d:\devtools\.platformio\packages\toolchain-xtensa32\xte
nsa-esp32-elf\include\c++\5.2.0\typeinfo:39:37: error: 
expected declaration before end of line
*** [.pio\build\heltec_wifi_lora_32_v2\src\combined_sou
rces.cpp.o] Error 1
In file included from F:/Code/Akita-Smart-City-Services
/src/AkitaSmartCityServices.h:9:0,
                 from src/main.cpp:6:
F:/Code/Akita-Smart-City-Services/src/ASCSConfig.h:58:5
: error: 'Preferences' does not name a type
     Preferences m_preferences;
     ^
In file included from D:/DevTools/.platformio/packages/
framework-arduinoespressif32@3.10006.210326/cores/esp32
/Arduino.h:39:0,
                 from F:/Code/Akita-Smart-City-Services
/src/AkitaSmartCityServices.h:10,
                 from src/main.cpp:6:
D:/DevTools/.platformio/packages/framework-arduinoespre
ssif32@3.10006.210326/cores/esp32/stdlib_noniso.h:25:8:
 error: expected unqualified-id before string constant
 extern "C" {
        ^
In file included from F:/Code/Akita-Smart-City-Services
/src/AkitaSmartCityServices.h:10:0,
                 from src/main.cpp:6:
D:/DevTools/.platformio/packages/framework-arduinoespre
ssif32@3.10006.210326/cores/esp32/Arduino.h:126:8: 
error: expected unqualified-id before string constant
 extern "C" {
        ^
In file included from D:/DevTools/.platformio/packages/
framework-arduinoespressif32@3.10006.210326/cores/esp32
/Arduino.h:145:0,
                 from F:/Code/Akita-Smart-City-Services
/src/AkitaSmartCityServices.h:10,
                 from src/main.cpp:6:
D:/DevTools/.platformio/packages/framework-arduinoespre
ssif32@3.10006.210326/cores/esp32/WCharacter.h:47:16: 
error: 'ASCSConfig::boolean 
ASCSConfig::isAlphaNumeric(int)' cannot be overloaded
 inline boolean isAlphaNumeric(int c)
                ^
D:/DevTools/.platformio/packages/framework-arduinoespre
ssif32@3.10006.210326/cores/esp32/WCharacter.h:28:16: 
error: with 'ASCSConfig::boolean 
ASCSConfig::isAlphaNumeric(int)'
 inline boolean isAlphaNumeric(int c) 
__attribute__((always_inline));
                ^
D:/DevTools/.platformio/packages/framework-arduinoespre
ssif32@3.10006.210326/cores/esp32/WCharacter.h:54:16: 
error: 'ASCSConfig::boolean ASCSConfig::isAlpha(int)' 
cannot be overloaded
 inline boolean isAlpha(int c)
                ^
D:/DevTools/.platformio/packages/framework-arduinoespre
ssif32@3.10006.210326/cores/esp32/WCharacter.h:29:16: 
error: with 'ASCSConfig::boolean 
ASCSConfig::isAlpha(int)'
 inline boolean isAlpha(int c) 
__attribute__((always_inline));
                ^
D:/DevTools/.platformio/packages/framework-arduinoespre
ssif32@3.10006.210326/cores/esp32/WCharacter.h:61:16: 
error: 'ASCSConfig::boolean ASCSConfig::isAscii(int)' 
cannot be overloaded
 inline boolean isAscii(int c)
                ^
D:/DevTools/.platformio/packages/framework-arduinoespre
ssif32@3.10006.210326/cores/esp32/WCharacter.h:30:16: 
error: with 'ASCSConfig::boolean 
ASCSConfig::isAscii(int)'
 inline boolean isAscii(int c) 
__attribute__((always_inline));
                ^
D:/DevTools/.platformio/packages/framework-arduinoespre
ssif32@3.10006.210326/cores/esp32/WCharacter.h:67:16: 
error: 'ASCSConfig::boolean 
ASCSConfig::isWhitespace(int)' cannot be overloaded
 inline boolean isWhitespace(int c)
                ^
D:/DevTools/.platformio/packages/framework-arduinoespre
ssif32@3.10006.210326/cores/esp32/WCharacter.h:31:16: 
error: with 'ASCSConfig::boolean 
ASCSConfig::isWhitespace(int)'
 inline boolean isWhitespace(int c) 
__attribute__((always_inline));
                ^
D:/DevTools/.platformio/packages/framework-arduinoespre
ssif32@3.10006.210326/cores/esp32/WCharacter.h:73:16: 
error: 'ASCSConfig::boolean 
ASCSConfig::isControl(int)' cannot be overloaded
 inline boolean isControl(int c)
                ^
D:/DevTools/.platformio/packages/framework-arduinoespre
ssif32@3.10006.210326/cores/esp32/WCharacter.h:32:16: 
error: with 'ASCSConfig::boolean 
ASCSConfig::isControl(int)'
 inline boolean isControl(int c) 
__attribute__((always_inline));
                ^
D:/DevTools/.platformio/packages/framework-arduinoespre
ssif32@3.10006.210326/cores/esp32/WCharacter.h:79:16: 
error: 'ASCSConfig::boolean ASCSConfig::isDigit(int)' 
cannot be overloaded
 inline boolean isDigit(int c)
                ^
D:/DevTools/.platformio/packages/framework-arduinoespre
ssif32@3.10006.210326/cores/esp32/WCharacter.h:33:16: 
error: with 'ASCSConfig::boolean 
ASCSConfig::isDigit(int)'
 inline boolean isDigit(int c) 
__attribute__((always_inline));
                ^
D:/DevTools/.platformio/packages/framework-arduinoespre
ssif32@3.10006.210326/cores/esp32/WCharacter.h:85:16: 
error: 'ASCSConfig::boolean ASCSConfig::isGraph(int)' 
cannot be overloaded
 inline boolean isGraph(int c)
                ^
D:/DevTools/.platformio/packages/framework-arduinoespre
ssif32@3.10006.210326/cores/esp32/WCharacter.h:34:16: 
error: with 'ASCSConfig::boolean 
ASCSConfig::isGraph(int)'
 inline boolean isGraph(int c) 
__attribute__((always_inline));
                ^
D:/DevTools/.platformio/packages/framework-arduinoespre
ssif32@3.10006.210326/cores/esp32/WCharacter.h:91:16: 
error: 'ASCSConfig::boolean 
ASCSConfig::isLowerCase(int)' cannot be overloaded
 inline boolean isLowerCase(int c)
                ^
D:/DevTools/.platformio/packages/framework-arduinoespre
ssif32@3.10006.210326/cores/esp32/WCharacter.h:35:16: 
error: with 'ASCSConfig::boolean 
ASCSConfig::isLowerCase(int)'
 inline boolean isLowerCase(int c) 
__attribute__((always_inline));
                ^
D:/DevTools/.platformio/packages/framework-arduinoespre
ssif32@3.10006.210326/cores/esp32/WCharacter.h:97:16: 
error: 'ASCSConfig::boolean 
ASCSConfig::isPrintable(int)' cannot be overloaded
 inline boolean isPrintable(int c)
                ^
D:/DevTools/.platformio/packages/framework-arduinoespre
ssif32@3.10006.210326/cores/esp32/WCharacter.h:36:16: 
error: with 'ASCSConfig::boolean 
ASCSConfig::isPrintable(int)'
 inline boolean isPrintable(int c) 
__attribute__((always_inline));
                ^
D:/DevTools/.platformio/packages/framework-arduinoespre
ssif32@3.10006.210326/cores/esp32/WCharacter.h:104:16: 
error: 'ASCSConfig::boolean ASCSConfig::isPunct(int)' 
cannot be overloaded
 inline boolean isPunct(int c)
                ^
D:/DevTools/.platformio/packages/framework-arduinoespre
ssif32@3.10006.210326/cores/esp32/WCharacter.h:37:16: 
error: with 'ASCSConfig::boolean 
ASCSConfig::isPunct(int)'
 inline boolean isPunct(int c) 
__attribute__((always_inline));
                ^
D:/DevTools/.platformio/packages/framework-arduinoespre
ssif32@3.10006.210326/cores/esp32/WCharacter.h:112:16: 
error: 'ASCSConfig::boolean ASCSConfig::isSpace(int)' 
cannot be overloaded
 inline boolean isSpace(int c)
                ^
D:/DevTools/.platformio/packages/framework-arduinoespre
ssif32@3.10006.210326/cores/esp32/WCharacter.h:38:16: 
error: with 'ASCSConfig::boolean 
ASCSConfig::isSpace(int)'
 inline boolean isSpace(int c) 
__attribute__((always_inline));
                ^
D:/DevTools/.platformio/packages/framework-arduinoespre
ssif32@3.10006.210326/cores/esp32/WCharacter.h:118:16: 
error: 'ASCSConfig::boolean 
ASCSConfig::isUpperCase(int)' cannot be overloaded
 inline boolean isUpperCase(int c)
                ^
D:/DevTools/.platformio/packages/framework-arduinoespre
ssif32@3.10006.210326/cores/esp32/WCharacter.h:39:16: 
error: with 'ASCSConfig::boolean 
ASCSConfig::isUpperCase(int)'
 inline boolean isUpperCase(int c) 
__attribute__((always_inline));
                ^
D:/DevTools/.platformio/packages/framework-arduinoespre
ssif32@3.10006.210326/cores/esp32/WCharacter.h:125:16: 
error: 'ASCSConfig::boolean 
ASCSConfig::isHexadecimalDigit(int)' cannot be 
overloaded
 inline boolean isHexadecimalDigit(int c)
                ^
D:/DevTools/.platformio/packages/framework-arduinoespre
ssif32@3.10006.210326/cores/esp32/WCharacter.h:40:16: 
error: with 'ASCSConfig::boolean 
ASCSConfig::isHexadecimalDigit(int)'
 inline boolean isHexadecimalDigit(int c) 
__attribute__((always_inline));
                ^
D:/DevTools/.platformio/packages/framework-arduinoespre
ssif32@3.10006.210326/cores/esp32/WCharacter.h:132:12: 
error: 'int ASCSConfig::toAscii(int)' cannot be 
overloaded
 inline int toAscii(int c)
            ^
D:/DevTools/.platformio/packages/framework-arduinoespre
ssif32@3.10006.210326/cores/esp32/WCharacter.h:41:12: 
error: with 'int ASCSConfig::toAscii(int)'
 inline int toAscii(int c) 
__attribute__((always_inline));
            ^
D:/DevTools/.platformio/packages/framework-arduinoespre
ssif32@3.10006.210326/cores/esp32/WCharacter.h:143:12: 
error: 'int ASCSConfig::toLowerCase(int)' cannot be 
overloaded
 inline int toLowerCase(int c)
            ^
D:/DevTools/.platformio/packages/framework-arduinoespre
ssif32@3.10006.210326/cores/esp32/WCharacter.h:42:12: 
error: with 'int ASCSConfig::toLowerCase(int)'
 inline int toLowerCase(int c) 
__attribute__((always_inline));
            ^
D:/DevTools/.platformio/packages/framework-arduinoespre
ssif32@3.10006.210326/cores/esp32/WCharacter.h:149:12: 
error: 'int ASCSConfig::toUpperCase(int)' cannot be 
overloaded
 inline int toUpperCase(int c)
            ^
D:/DevTools/.platformio/packages/framework-arduinoespre
ssif32@3.10006.210326/cores/esp32/WCharacter.h:43:12: 
error: with 'int ASCSConfig::toUpperCase(int)'
 inline int toUpperCase(int c) 
__attribute__((always_inline));
            ^
In file included from D:/DevTools/.platformio/packages/
framework-arduinoespressif32@3.10006.210326/cores/esp32
/Arduino.h:150:0,
                 from F:/Code/Akita-Smart-City-Services
/src/AkitaSmartCityServices.h:10,
                 from src/main.cpp:6:
D:/DevTools/.platformio/packages/framework-arduinoespre
ssif32@3.10006.210326/cores/esp32/IPAddress.h:94:29: 
error: expected identifier before numeric constant
 const IPAddress INADDR_NONE(0, 0, 0, 0);
                             ^
D:/DevTools/.platformio/packages/framework-arduinoespre
ssif32@3.10006.210326/cores/esp32/IPAddress.h:94:29: 
error: expected ',' or '...' before numeric constant
In file included from D:/DevTools/.platformio/packages/
framework-arduinoespressif32@3.10006.210326/cores/esp32
/Arduino.h:154:0,
                 from F:/Code/Akita-Smart-City-Services
/src/AkitaSmartCityServices.h:10,
                 from src/main.cpp:6:
D:/DevTools/.platformio/packages/framework-arduinoespre
ssif32@3.10006.210326/cores/esp32/HardwareSerial.h:113:
54: error: storage class specified for 'serialEventRun'
 extern void serialEventRun(void) 
__attribute__((weak));
                                                      ^
D:/DevTools/.platformio/packages/framework-arduinoespre
ssif32@3.10006.210326/cores/esp32/HardwareSerial.h:116:
23: error: storage class specified for 'Serial'
 extern HardwareSerial Serial;
                       ^
D:/DevTools/.platformio/packages/framework-arduinoespre
ssif32@3.10006.210326/cores/esp32/HardwareSerial.h:117:
23: error: storage class specified for 'Serial1'
 extern HardwareSerial Serial1;
                       ^
D:/DevTools/.platformio/packages/framework-arduinoespre
ssif32@3.10006.210326/cores/esp32/HardwareSerial.h:118:
23: error: storage class specified for 'Serial2'
 extern HardwareSerial Serial2;
                       ^
In file included from D:/DevTools/.platformio/packages/
framework-arduinoespressif32@3.10006.210326/tools/sdk/i
nclude/spi_flash/esp_partition.h:22:0,
                 from D:/DevTools/.platformio/packages/
framework-arduinoespressif32@3.10006.210326/cores/esp32
/Esp.h:24,
                 from D:/DevTools/.platformio/packages/
framework-arduinoespressif32@3.10006.210326/cores/esp32
/Arduino.h:155,
                 from F:/Code/Akita-Smart-City-Services
/src/AkitaSmartCityServices.h:10,
                 from src/main.cpp:6:
D:/DevTools/.platformio/packages/framework-arduinoespre
ssif32@3.10006.210326/tools/sdk/include/spi_flash/esp_s
pi_flash.h:25:8: error: expected unqualified-id before 
string constant
 extern "C" {
        ^
src/main.cpp:71:1: error: expected '}' at end of input
 }
 ^
In file included from D:/DevTools/.platformio/packages/
framework-arduinoespressif32@3.10006.210326/cores/esp32
/Arduino.h:150:0,
                 from F:/Code/Akita-Smart-City-Services
/src/AkitaSmartCityServices.h:10,
                 from src/main.cpp:6:
D:/DevTools/.platformio/packages/framework-arduinoespre
ssif32@3.10006.210326/cores/esp32/IPAddress.h: In 
member function 'uint8_t* ASCSConfig::Client::rawIPAddr
ess(ASCSConfig::IPAddress&)':
D:/DevTools/.platformio/packages/framework-arduinoespre
ssif32@3.10006.210326/cores/esp32/IPAddress.h:41:14: 
error: 'uint8_t* ASCSConfig::IPAddress::raw_address()' 
is private
     uint8_t* raw_address()
              ^
In file included from D:/DevTools/.platformio/packages/
framework-arduinoespressif32@3.10006.210326/cores/esp32
/Arduino.h:151:0,
                 from F:/Code/Akita-Smart-City-Services
/src/AkitaSmartCityServices.h:10,
                 from src/main.cpp:6:
D:/DevTools/.platformio/packages/framework-arduinoespre
ssif32@3.10006.210326/cores/esp32/Client.h:44:33: 
error: within this context
         return addr.raw_address();
                                 ^
In file included from D:/DevTools/.platformio/packages/
framework-arduinoespressif32@3.10006.210326/cores/esp32
/Arduino.h:150:0,
                 from F:/Code/Akita-Smart-City-Services
/src/AkitaSmartCityServices.h:10,
                 from src/main.cpp:6:
D:/DevTools/.platformio/packages/framework-arduinoespre
ssif32@3.10006.210326/cores/esp32/IPAddress.h: In 
member function 'uint8_t* 
ASCSConfig::UDP::rawIPAddress(ASCSConfig::IPAddress&)':
D:/DevTools/.platformio/packages/framework-arduinoespre
ssif32@3.10006.210326/cores/esp32/IPAddress.h:41:14: 
error: 'uint8_t* ASCSConfig::IPAddress::raw_address()' 
is private
     uint8_t* raw_address()
              ^
In file included from D:/DevTools/.platformio/packages/
framework-arduinoespressif32@3.10006.210326/cores/esp32
/Arduino.h:153:0,
                 from F:/Code/Akita-Smart-City-Services
/src/AkitaSmartCityServices.h:10,
                 from src/main.cpp:6:
D:/DevTools/.platformio/packages/framework-arduinoespre
ssif32@3.10006.210326/cores/esp32/Udp.h:89:33: error: 
within this context
         return addr.raw_address();
                                 ^
In file included from D:/DevTools/.platformio/packages/
framework-arduinoespressif32@3.10006.210326/cores/esp32
/Arduino.h:154:0,
                 from F:/Code/Akita-Smart-City-Services
/src/AkitaSmartCityServices.h:10,
                 from src/main.cpp:6:
D:/DevTools/.platformio/packages/framework-arduinoespre
ssif32@3.10006.210326/cores/esp32/HardwareSerial.h: At 
global scope:
D:/DevTools/.platformio/packages/framework-arduinoespre
ssif32@3.10006.210326/cores/esp32/HardwareSerial.h:97:5
: error: expected unqualified-id at end of input
     }
     ^
In file included from F:/Code/Akita-Smart-City-Services
/src/shims/meshtastic.h:5:0,
                 from 
F:/Code/Akita-Smart-City-Services/src/meshtastic.h:5,
                 from src/main.cpp:1:
F:/Code/Akita-Smart-City-Services/src/shims/plugin_api.
h:57:3: warning: 'Log' defined but not used 
[-Wunused-variable]
 } Log;
   ^
*** [.pio\build\heltec_wifi_lora_32_v2\src\main.cpp.o] 
Error 1
========================= [FAILED] Took 12.13 seconds 
=========================
